---
source: tests/artichoke.rs
expression: "run(BINARY, &[\"--help\"]).unwrap()"
---
call_args = ['--help']
status = 0
stdout = '''
"Artichoke is a Ruby made with Rust."
""
"Usage: artichoke [OPTIONS] [programfile] [arguments]..."
""
"Arguments:"
"  [programfile]   "
"  [arguments]...  "
""
"Options:"
"      --copyright               print the copyright"
"  -e <commands>                 one line of script. Several -e\'s allowed. Omit [programfile]"
"      --with-fixture <fixture>  file whose contents will be read into the `$fixture` global"
"  -h, --help                    Print help"
"  -V, --version                 Print version"'''
stderr = ''
